#
# A fatal error has been detected by the Java Runtime Environment:
#
#  EXCEPTION_ACCESS_VIOLATION (0xc0000005) at pc=0x00007ffc182a6587, pid=29376, tid=16080
#
# JRE version: OpenJDK Runtime Environment (23.0.1+11) (build 23.0.1+11-39)
# Java VM: OpenJDK 64-Bit Server VM (23.0.1+11-39, mixed mode, sharing, tiered, compressed oops, compressed class ptrs, g1 gc, windows-amd64)
# Problematic frame:
# C  [glass.dll+0x26587]
#
# No core dump will be written. Minidumps are not enabled by default on client versions of Windows
#
# If you would like to submit a bug report, please visit:
#   https://bugreport.java.com/bugreport/crash.jsp
#

---------------  S U M M A R Y ------------

Command Line: -javaagent:C:\Program Files\JetBrains\IntelliJ IDEA Community Edition 2024.3.2\lib\idea_rt.jar=51969:C:\Program Files\JetBrains\IntelliJ IDEA Community Edition 2024.3.2\bin -Dfile.encoding=UTF-8 -Dsun.stdout.encoding=UTF-8 -Dsun.stderr.encoding=UTF-8 --module-path=C:\Users\__tea_\.m2\repository\org\openjfx\javafx-controls\21\javafx-controls-21-win.jar;C:\Users\__tea_\.m2\repository\org\openjfx\javafx-base\21\javafx-base-21-win.jar;C:\Users\__tea_\IdeaProjects\lesson28-lesson29\target\classes;C:\Users\__tea_\.m2\repository\org\openjfx\javafx-fxml\21\javafx-fxml-21-win.jar;C:\Users\__tea_\.m2\repository\org\openjfx\javafx-graphics\21\javafx-graphics-21-win.jar -Djdk.module.main=org.example.lesson28 org.example.lesson28/org.example.lesson28.HelloApplication

Host: AMD Ryzen 9 7900X 12-Core Processor            , 24 cores, 31G,  Windows 10 , 64 bit Build 19041 (10.0.19041.5915)
Time: Fri Aug 29 21:54:07 2025 RTZ 2 (s 10 , 64 bit Build 19041 (10.0.19041.5915) elapsed time: 1.924558 seconds (0d 0h 0m 1s)

---------------  T H R E A D  ---------------

Current thread (0x000002073bcc0d60):  VMThread "VM Thread"          [id=16080, stack(0x000000c03ea00000,0x000000c03eb00000) (1024K)]

Stack: [0x000000c03ea00000,0x000000c03eb00000],  sp=0x000000c03eafec80,  free space=1019k
Native frames: (J=compiled Java code, j=interpreted, Vv=VM code, C=native code)
C  [glass.dll+0x26587]  (no source info available)
C  [ucrtbase.dll+0x142d6]  (no source info available)
C  [ucrtbase.dll+0x141fb]  (no source info available)
C  [ucrtbase.dll+0x141b4]  (no source info available)
C  [glass.dll+0x23d5d]  (no source info available)
C  [glass.dll+0x23e82]  (no source info available)
C  [ntdll.dll+0x19a1d]  (no source info available)
C  [ntdll.dll+0x5f1ca]  (no source info available)
C  [ntdll.dll+0x5ef7d]  (no source info available)
C  [KERNEL32.DLL+0x1e3eb]  (no source info available)
C  [ucrtbase.dll+0x205bc]  (no source info available)
C  [ucrtbase.dll+0x2045f]  (no source info available)
V  [jvm.dll+0x6d990c]  (no source info available)
V  [jvm.dll+0x6d9440]  (no source info available)
V  [jvm.dll+0x3da534]  (no source info available)
V  [jvm.dll+0x886720]  (no source info available)
V  [jvm.dll+0x887a47]  (no source info available)
V  [jvm.dll+0x887f78]  (no source info available)
V  [jvm.dll+0x888213]  (no source info available)
V  [jvm.dll+0x824f8b]  (no source info available)
V  [jvm.dll+0x6df065]  (no source info available)
C  [ucrtbase.dll+0x21bb2]  (no source info available)
C  [KERNEL32.DLL+0x17374]  (no source info available)
C  [ntdll.dll+0x4cc91]  (no source info available)


siginfo: EXCEPTION_ACCESS_VIOLATION (0xc0000005), reading address 0x0000000000000000


Registers:
RAX=0x0000000000000000, RBX=0x000002073bcc98b2, RCX=0x000002073bcc0d60, RDX=0x000000c03eafec80
RSP=0x000000c03eafec80, RBP=0x000002077ef58518, RSI=0x000002077ef584f0, RDI=0x0000c09350fd03b5
R8 =0x0000000000010002, R9 =0x0000c09350fd03b5, R10=0x0000000000008000, R11=0x000000c03eafec10
R12=0x00007ffc182a3ed0, R13=0x00007ffbb7a1b760, R14=0x000000c03eafed78, R15=0x000002077ef584f0
RIP=0x00007ffc182a6587, EFLAGS=0x0000000000010206


Register to memory mapping:

RAX=0x0 is null
RBX=0x000002073bcc98b2 is a global jni handle
RCX=0x000002073bcc0d60 points into unknown readable memory: 0x00007ffbb781f688 | 88 f6 81 b7 fb 7f 00 00
RDX=0x000000c03eafec80 points into unknown readable memory: 0x0000000000000000 | 00 00 00 00 00 00 00 00
RSP=0x000000c03eafec80 points into unknown readable memory: 0x0000000000000000 | 00 00 00 00 00 00 00 00
RBP=0x000002077ef58518 points into unknown readable memory: 0x0000c09350fd03b5 | b5 03 fd 50 93 c0 00 00
RSI=0x000002077ef584f0 points into unknown readable memory: 0x3d00c09caf7e06f2 | f2 06 7e af 9c c0 00 3d
RDI=0x0000c09350fd03b5 is an unknown value
R8 =0x0000000000010002 is an unknown value
R9 =0x0000c09350fd03b5 is an unknown value
R10=0x0000000000008000 is an unknown value
R11=0x000000c03eafec10 points into unknown readable memory: 0x000002077ef584f0 | f0 84 f5 7e 07 02 00 00
R12=0x00007ffc182a3ed0 glass.dll
R13=0x00007ffbb7a1b760 jvm.dll
R14=0x000000c03eafed78 points into unknown readable memory: 0x000000c03eafed60 | 60 ed af 3e c0 00 00 00
R15=0x000002077ef584f0 points into unknown readable memory: 0x3d00c09caf7e06f2 | f2 06 7e af 9c c0 00 3d

Top of Stack: (sp=0x000000c03eafec80)
0x000000c03eafec80:   0000000000000000 000002077ef584f0
0x000000c03eafec90:   00007ffbb7a1b760 00007ffc182a3ed0
0x000000c03eafeca0:   000002077ef584f8 00007ffc5b3d42d6
0x000000c03eafecb0:   0000c09350fd03b5 0000020700000000
0x000000c03eafecc0:   000002077ef58518 000002077ef584f0
0x000000c03eafecd0:   fffffffffffffffe 0000000000000000
0x000000c03eafece0:   0000000000000001 00007ffc18280000
0x000000c03eafecf0:   000000c03eafed68 00007ffc5b3d41fb
0x000000c03eafed00:   0000000000000000 000000c03eafed78
0x000000c03eafed10:   000000c03eaff050 00007ffc5b4b0e40
0x000000c03eafed20:   0000000000000001 00007ffc5b3d41b4
0x000000c03eafed30:   0000000000000000 0000000000000001
0x000000c03eafed40:   0000000000000001 000000c03eafed68
0x000000c03eafed50:   0000000000000000 00007ffc182a3d5d
0x000000c03eafed60:   00007ffc182ba008 00007ffb00000002
0x000000c03eafed70:   0000000000000002 000000c03eafed60
0x000000c03eafed80:   00007ffc5a580000 00007ffc5dca9993
0x000000c03eafed90:   0000000000000000 00007ffc182a3e82
0x000000c03eafeda0:   0000000000000001 000000c03eaff050
0x000000c03eafedb0:   0000000000000001 00007ffc5b4b0e40
0x000000c03eafedc0:   00007ffc26791094 0000000000000000
0x000000c03eafedd0:   0000000000000001 00007ffc2679083c
0x000000c03eafede0:   00007ffc18280000 000000007ffe0384
0x000000c03eafedf0:   0000000000000000 00007ffc5dca9a1d
0x000000c03eafee00:   00007ffc18280000 0000000000000000
0x000000c03eafee10:   0000000000000001 000000007ffe0385
0x000000c03eafee20:   0000000000000000 00007ffc5dcef331
0x000000c03eafee30:   000032e89789c700 0000000000000014
0x000000c03eafee40:   00007ffc182a3ed0 0000000000000000
0x000000c03eafee50:   0000000000000000 000000c03de25000
0x000000c03eafee60:   000002077f02a450 00007ffc5dcef1ca
0x000000c03eafee70:   000002077f028ed0 00007ffc18280000 

Instructions: (pc=0x00007ffc182a6587)
0x00007ffc182a6487:   8b 4d 58 e8 8d cf ff ff 48 8b 4d 60 e8 84 cf ff
0x00007ffc182a6497:   ff 48 8b 95 80 00 00 00 48 8b 8d 18 01 00 00 e8
0x00007ffc182a64a7:   76 c4 ff ff 33 d2 33 c9 e8 cc e1 ff ff 90 48 89
0x00007ffc182a64b7:   54 24 10 55 48 83 ec 20 48 8b ea 48 b8 00 00 00
0x00007ffc182a64c7:   00 00 00 00 00 48 83 c4 20 5d c3 cc 40 55 48 8b
0x00007ffc182a64d7:   ea 48 8b 01 33 c9 81 38 05 00 00 c0 0f 94 c1 8b
0x00007ffc182a64e7:   c1 5d c3 cc 40 55 48 83 ec 20 48 8b ea 8a 4d 40
0x00007ffc182a64f7:   48 83 c4 20 5d e9 73 d3 ff ff cc 40 55 48 83 ec
0x00007ffc182a6507:   20 48 8b ea 8a 4d 20 e8 61 d3 ff ff 90 48 83 c4
0x00007ffc182a6517:   20 5d c3 cc 40 55 48 83 ec 20 48 8b ea 48 83 c4
0x00007ffc182a6527:   20 5d e9 c2 d1 ff ff cc 40 55 48 83 ec 30 48 8b
0x00007ffc182a6537:   ea 48 8b 01 8b 10 48 89 4c 24 28 89 54 24 20 4c
0x00007ffc182a6547:   8d 0d 63 d6 ff ff 4c 8b 45 70 8b 55 68 48 8b 4d
0x00007ffc182a6557:   60 e8 03 d1 ff ff 90 48 83 c4 30 5d c3 cc cc cc
0x00007ffc182a6567:   cc cc cc cc cc cc cc cc cc 40 53 48 83 ec 20 48
0x00007ffc182a6577:   8b 1d 8b 34 01 00 48 85 db 74 16 e8 89 8f ff ff
0x00007ffc182a6587:   4c 8b 00 48 8b d3 48 8b c8 41 ff 90 b0 00 00 00
0x00007ffc182a6597:   90 48 83 c4 20 5b c3 cc cc 40 53 48 83 ec 20 48
0x00007ffc182a65a7:   8b 1d fb 35 01 00 48 85 db 74 57 b8 ff ff ff ff
0x00007ffc182a65b7:   f0 0f c1 43 10 83 f8 01 75 3d 48 85 db 74 38 48
0x00007ffc182a65c7:   8b 0b 48 85 c9 74 0d ff 15 d4 0c 00 00 48 c7 03
0x00007ffc182a65d7:   00 00 00 00 48 8b 4b 08 48 85 c9 74 0d e8 33 ce
0x00007ffc182a65e7:   ff ff 48 c7 43 08 00 00 00 00 ba 18 00 00 00 48
0x00007ffc182a65f7:   8b cb e8 1e ce ff ff 48 c7 05 9f 35 01 00 00 00
0x00007ffc182a6607:   00 00 48 83 c4 20 5b c3 cc 40 53 48 83 ec 20 48
0x00007ffc182a6617:   8b 1d 6b 35 01 00 48 85 db 74 57 b8 ff ff ff ff
0x00007ffc182a6627:   f0 0f c1 43 10 83 f8 01 75 3d 48 85 db 74 38 48
0x00007ffc182a6637:   8b 0b 48 85 c9 74 0d ff 15 64 0c 00 00 48 c7 03
0x00007ffc182a6647:   00 00 00 00 48 8b 4b 08 48 85 c9 74 0d e8 c3 cd
0x00007ffc182a6657:   ff ff 48 c7 43 08 00 00 00 00 ba 18 00 00 00 48
0x00007ffc182a6667:   8b cb e8 ae cd ff ff 48 c7 05 0f 35 01 00 00 00
0x00007ffc182a6677:   00 00 48 83 c4 20 5b c3 cc 40 53 48 83 ec 20 48 


Stack slot to memory mapping:

stack at sp + 0 slots: 0x0 is null
stack at sp + 1 slots: 0x000002077ef584f0 points into unknown readable memory: 0x3d00c09caf7e06f2 | f2 06 7e af 9c c0 00 3d
stack at sp + 2 slots: 0x00007ffbb7a1b760 jvm.dll
stack at sp + 3 slots: 0x00007ffc182a3ed0 glass.dll
stack at sp + 4 slots: 0x000002077ef584f8 points into unknown readable memory: 0x0000c09350fd03b5 | b5 03 fd 50 93 c0 00 00
stack at sp + 5 slots: 0x00007ffc5b3d42d6 ucrtbase.dll
stack at sp + 6 slots: 0x0000c09350fd03b5 is an unknown value
stack at sp + 7 slots: 0x0000020700000000 is pointing into metadata

VM_Operation (0x000000c03fffb800): Exit, mode: safepoint, requested by thread 0x000002077f0cbbd0


---------------  P R O C E S S  ---------------

Threads class SMR info:
_java_thread_list=0x000002077fb36ff0, length=22, elements={
0x00000207174dfb90, 0x000002073bcd9b60, 0x000002073bcdaa80, 0x000002073bce1120,
0x000002073bce3b90, 0x000002073bce45f0, 0x000002073bcea960, 0x000002073bced700,
0x000002073bcf21d0, 0x000002077e107a40, 0x000002077e1cd160, 0x000002077e1df4d0,
0x000002077e281a30, 0x000002077eae1530, 0x000002077e7a5fe0, 0x000002077ef3b1f0,
0x000002077f0c0130, 0x000002077f0cbbd0, 0x000002077f6c27e0, 0x000002077f6c3500,
0x000002077f6c0710, 0x000002077f6c2e70
}

Java Threads: ( => current thread )
  0x00000207174dfb90 JavaThread "main"                              [_thread_blocked, id=15368, stack(0x000000c03e300000,0x000000c03e400000) (1024K)]
  0x000002073bcd9b60 JavaThread "Reference Handler"          daemon [_thread_blocked, id=21332, stack(0x000000c03eb00000,0x000000c03ec00000) (1024K)]
  0x000002073bcdaa80 JavaThread "Finalizer"                  daemon [_thread_blocked, id=28724, stack(0x000000c03ec00000,0x000000c03ed00000) (1024K)]
  0x000002073bce1120 JavaThread "Signal Dispatcher"          daemon [_thread_blocked, id=29976, stack(0x000000c03ed00000,0x000000c03ee00000) (1024K)]
  0x000002073bce3b90 JavaThread "Attach Listener"            daemon [_thread_blocked, id=19300, stack(0x000000c03ee00000,0x000000c03ef00000) (1024K)]
  0x000002073bce45f0 JavaThread "Service Thread"             daemon [_thread_blocked, id=11304, stack(0x000000c03ef00000,0x000000c03f000000) (1024K)]
  0x000002073bcea960 JavaThread "Monitor Deflation Thread"   daemon [_thread_blocked, id=27680, stack(0x000000c03f000000,0x000000c03f100000) (1024K)]
  0x000002073bced700 JavaThread "C2 CompilerThread0"         daemon [_thread_blocked, id=23452, stack(0x000000c03f100000,0x000000c03f200000) (1024K)]
  0x000002073bcf21d0 JavaThread "C1 CompilerThread0"         daemon [_thread_blocked, id=19028, stack(0x000000c03f200000,0x000000c03f300000) (1024K)]
  0x000002077e107a40 JavaThread "C1 CompilerThread1"         daemon [_thread_blocked, id=27904, stack(0x000000c03f300000,0x000000c03f400000) (1024K)]
  0x000002077e1cd160 JavaThread "Common-Cleaner"             daemon [_thread_blocked, id=11472, stack(0x000000c03f400000,0x000000c03f500000) (1024K)]
  0x000002077e1df4d0 JavaThread "C1 CompilerThread2"         daemon [_thread_blocked, id=30364, stack(0x000000c03f500000,0x000000c03f600000) (1024K)]
  0x000002077e281a30 JavaThread "C1 CompilerThread3"         daemon [_thread_blocked, id=13512, stack(0x000000c03f700000,0x000000c03f800000) (1024K)]
  0x000002077eae1530 JavaThread "Monitor Ctrl-Break"         daemon [_thread_in_native, id=27816, stack(0x000000c03fb00000,0x000000c03fc00000) (1024K)]
  0x000002077e7a5fe0 JavaThread "Notification Thread"        daemon [_thread_blocked, id=6408, stack(0x000000c03fc00000,0x000000c03fd00000) (1024K)]
  0x000002077ef3b1f0 JavaThread "QuantumRenderer-0"          daemon [_thread_blocked, id=29136, stack(0x000000c03fd00000,0x000000c03fe00000) (1024K)]
  0x000002077f0c0130 JavaThread "InvokeLaterDispatcher"      daemon [_thread_blocked, id=18216, stack(0x000000c03fa00000,0x000000c03fb00000) (1024K)]
  0x000002077f0cbbd0 JavaThread "JavaFX Application Thread"         [_thread_blocked, id=23500, stack(0x000000c03ff00000,0x000000c040000000) (1024K)]
  0x000002077f6c27e0 JavaThread "Thread-1"                   daemon [_thread_in_native, id=29316, stack(0x000000c03f900000,0x000000c03fa00000) (1024K)]
  0x000002077f6c3500 JavaThread "JavaFX-Launcher"                   [_thread_blocked, id=28988, stack(0x000000c0401c0000,0x000000c0402c0000) (1024K)]
  0x000002077f6c0710 JavaThread "Prism Font Disposer"        daemon [_thread_blocked, id=27348, stack(0x000000c0410c0000,0x000000c0411c0000) (1024K)]
  0x000002077f6c2e70 JavaThread "Cleaner-0"                  daemon [_thread_blocked, id=23340, stack(0x000000c0411c0000,0x000000c0412c0000) (1024K)]
Total: 22

Other Threads:
=>0x000002073bcc0d60 VMThread "VM Thread"                           [id=16080, stack(0x000000c03ea00000,0x000000c03eb00000) (1024K)]
  0x0000020717588210 WorkerThread "GC Thread#0"                     [id=30264, stack(0x000000c03e400000,0x000000c03e500000) (1024K)]
  0x000002077f59e010 WorkerThread "GC Thread#1"                     [id=12912, stack(0x000000c0402c0000,0x000000c0403c0000) (1024K)]
  0x000002077f59e3c0 WorkerThread "GC Thread#2"                     [id=10916, stack(0x000000c0403c0000,0x000000c0404c0000) (1024K)]
  0x000002077f59eb20 WorkerThread "GC Thread#3"                     [id=17444, stack(0x000000c0404c0000,0x000000c0405c0000) (1024K)]
  0x000002077f59f280 WorkerThread "GC Thread#4"                     [id=20380, stack(0x000000c0405c0000,0x000000c0406c0000) (1024K)]
  0x000002077f59f630 WorkerThread "GC Thread#5"                     [id=15864, stack(0x000000c0406c0000,0x000000c0407c0000) (1024K)]
  0x000002077f6d0820 WorkerThread "GC Thread#6"                     [id=28604, stack(0x000000c0407c0000,0x000000c0408c0000) (1024K)]
  0x000002077f6d30b0 WorkerThread "GC Thread#7"                     [id=25060, stack(0x000000c0408c0000,0x000000c0409c0000) (1024K)]
  0x000002077f6d1e40 WorkerThread "GC Thread#8"                     [id=7260, stack(0x000000c0409c0000,0x000000c040ac0000) (1024K)]
  0x000002077f6d1330 WorkerThread "GC Thread#9"                     [id=29576, stack(0x000000c040ac0000,0x000000c040bc0000) (1024K)]
  0x000002077f6cf5b0 WorkerThread "GC Thread#10"                    [id=25160, stack(0x000000c040bc0000,0x000000c040cc0000) (1024K)]
  0x000002077f6d2950 WorkerThread "GC Thread#11"                    [id=5328, stack(0x000000c040cc0000,0x000000c040dc0000) (1024K)]
  0x000002071759cb50 ConcurrentGCThread "G1 Main Marker"            terminated
  0x000002071759dd10 WorkerThread "G1 Conc#0"                       [id=25068, stack(0x000000c03e600000,0x000000c03e700000) (1024K)]
  0x000002073bc023e0 ConcurrentGCThread "G1 Refine#0"               terminated
  0x000002073bc03e80 ConcurrentGCThread "G1 Service"                terminated
Total: 17

Threads with active compile tasks:
Total: 0

VM state: at safepoint (shutting down)

VM Mutex/Monitor currently owned by a thread:  ([mutex/lock_event])
[0x00007ffbb79f3910] Threads_lock - owner thread: 0x000002073bcc0d60
[0x00007ffbb79f3a10] Heap_lock - owner thread: 0x000002077f0cbbd0

Heap address: 0x000000060d800000, size: 7976 MB, Compressed Oops mode: Zero based, Oop shift amount: 3

CDS archive(s) mapped at: [0x000002073d000000-0x000002073dd70000-0x000002073dd70000), size 14090240, SharedBaseAddress: 0x000002073d000000, ArchiveRelocationMode: 1.
Compressed class space mapped at: 0x000002073e000000-0x000002077e000000, reserved size: 1073741824
Narrow klass base: 0x000002073d000000, Narrow klass shift: 0, Narrow klass range: 0x41000000

GC Precious Log:
 CardTable entry size: 512
 Card Set container configuration: InlinePtr #cards 4 size 8 Array Of Cards #cards 32 size 80 Howl #buckets 8 coarsen threshold 7372 Howl Bitmap #cards 1024 size 144 coarsen threshold 921 Card regions per heap region 1 cards per card region 8192
 CPUs: 24 total, 24 available
 Memory: 31895M
 Large Page Support: Disabled
 NUMA Support: Disabled
 Compressed Oops: Enabled (Zero based)
 Heap Region Size: 4M
 Heap Min Capacity: 8M
 Heap Initial Capacity: 500M
 Heap Max Capacity: 7976M
 Pre-touch: Disabled
 Parallel Workers: 18
 Concurrent Workers: 5
 Concurrent Refinement Workers: 18
 Periodic GC: Disabled

Heap:
 garbage-first heap   total reserved 8167424K, committed 512000K, used 26692K [0x000000060d800000, 0x0000000800000000)
  region size 4096K, 7 young (28672K), 1 survivors (4096K)
 Metaspace       used 15124K, committed 15424K, reserved 1114112K
  class space    used 2185K, committed 2304K, reserved 1048576K

Heap Regions: E=young(eden), S=young(survivor), O=old, HS=humongous(starts), HC=humongous(continues), CS=collection set, F=free, TAMS=top-at-mark-start, PB=parsable bottom
|   0|0x000000060d800000, 0x000000060da8e940, 0x000000060dc00000| 63%| O|  |TAMS 0x000000060d800000| PB 0x000000060d800000| Untracked |  0
|   1|0x000000060dc00000, 0x000000060dc00000, 0x000000060e000000|  0%| F|  |TAMS 0x000000060dc00000| PB 0x000000060dc00000| Untracked |  0
|   2|0x000000060e000000, 0x000000060e000000, 0x000000060e400000|  0%| F|  |TAMS 0x000000060e000000| PB 0x000000060e000000| Untracked |  0
|   3|0x000000060e400000, 0x000000060e400000, 0x000000060e800000|  0%| F|  |TAMS 0x000000060e400000| PB 0x000000060e400000| Untracked |  0
|   4|0x000000060e800000, 0x000000060e800000, 0x000000060ec00000|  0%| F|  |TAMS 0x000000060e800000| PB 0x000000060e800000| Untracked |  0
|   5|0x000000060ec00000, 0x000000060ec00000, 0x000000060f000000|  0%| F|  |TAMS 0x000000060ec00000| PB 0x000000060ec00000| Untracked |  0
|   6|0x000000060f000000, 0x000000060f000000, 0x000000060f400000|  0%| F|  |TAMS 0x000000060f000000| PB 0x000000060f000000| Untracked |  0
|   7|0x000000060f400000, 0x000000060f400000, 0x000000060f800000|  0%| F|  |TAMS 0x000000060f400000| PB 0x000000060f400000| Untracked |  0
|   8|0x000000060f800000, 0x000000060f800000, 0x000000060fc00000|  0%| F|  |TAMS 0x000000060f800000| PB 0x000000060f800000| Untracked |  0
|   9|0x000000060fc00000, 0x000000060fc00000, 0x0000000610000000|  0%| F|  |TAMS 0x000000060fc00000| PB 0x000000060fc00000| Untracked |  0
|  10|0x0000000610000000, 0x0000000610000000, 0x0000000610400000|  0%| F|  |TAMS 0x0000000610000000| PB 0x0000000610000000| Untracked |  0
|  11|0x0000000610400000, 0x0000000610400000, 0x0000000610800000|  0%| F|  |TAMS 0x0000000610400000| PB 0x0000000610400000| Untracked |  0
|  12|0x0000000610800000, 0x0000000610800000, 0x0000000610c00000|  0%| F|  |TAMS 0x0000000610800000| PB 0x0000000610800000| Untracked |  0
|  13|0x0000000610c00000, 0x0000000610c00000, 0x0000000611000000|  0%| F|  |TAMS 0x0000000610c00000| PB 0x0000000610c00000| Untracked |  0
|  14|0x0000000611000000, 0x0000000611000000, 0x0000000611400000|  0%| F|  |TAMS 0x0000000611000000| PB 0x0000000611000000| Untracked |  0
|  15|0x0000000611400000, 0x0000000611400000, 0x0000000611800000|  0%| F|  |TAMS 0x0000000611400000| PB 0x0000000611400000| Untracked |  0
|  16|0x0000000611800000, 0x0000000611800000, 0x0000000611c00000|  0%| F|  |TAMS 0x0000000611800000| PB 0x0000000611800000| Untracked |  0
|  17|0x0000000611c00000, 0x0000000611c00000, 0x0000000612000000|  0%| F|  |TAMS 0x0000000611c00000| PB 0x0000000611c00000| Untracked |  0
|  18|0x0000000612000000, 0x0000000612000000, 0x0000000612400000|  0%| F|  |TAMS 0x0000000612000000| PB 0x0000000612000000| Untracked |  0
|  19|0x0000000612400000, 0x0000000612400000, 0x0000000612800000|  0%| F|  |TAMS 0x0000000612400000| PB 0x0000000612400000| Untracked |  0
|  20|0x0000000612800000, 0x0000000612800000, 0x0000000612c00000|  0%| F|  |TAMS 0x0000000612800000| PB 0x0000000612800000| Untracked |  0
|  21|0x0000000612c00000, 0x0000000612c00000, 0x0000000613000000|  0%| F|  |TAMS 0x0000000612c00000| PB 0x0000000612c00000| Untracked |  0
|  22|0x0000000613000000, 0x0000000613000000, 0x0000000613400000|  0%| F|  |TAMS 0x0000000613000000| PB 0x0000000613000000| Untracked |  0
|  23|0x0000000613400000, 0x0000000613400000, 0x0000000613800000|  0%| F|  |TAMS 0x0000000613400000| PB 0x0000000613400000| Untracked |  0
|  24|0x0000000613800000, 0x0000000613800000, 0x0000000613c00000|  0%| F|  |TAMS 0x0000000613800000| PB 0x0000000613800000| Untracked |  0
|  25|0x0000000613c00000, 0x0000000613c00000, 0x0000000614000000|  0%| F|  |TAMS 0x0000000613c00000| PB 0x0000000613c00000| Untracked |  0
|  26|0x0000000614000000, 0x0000000614000000, 0x0000000614400000|  0%| F|  |TAMS 0x0000000614000000| PB 0x0000000614000000| Untracked |  0
|  27|0x0000000614400000, 0x0000000614400000, 0x0000000614800000|  0%| F|  |TAMS 0x0000000614400000| PB 0x0000000614400000| Untracked |  0
|  28|0x0000000614800000, 0x0000000614800000, 0x0000000614c00000|  0%| F|  |TAMS 0x0000000614800000| PB 0x0000000614800000| Untracked |  0
|  29|0x0000000614c00000, 0x0000000614c00000, 0x0000000615000000|  0%| F|  |TAMS 0x0000000614c00000| PB 0x0000000614c00000| Untracked |  0
|  30|0x0000000615000000, 0x0000000615000000, 0x0000000615400000|  0%| F|  |TAMS 0x0000000615000000| PB 0x0000000615000000| Untracked |  0
|  31|0x0000000615400000, 0x0000000615400000, 0x0000000615800000|  0%| F|  |TAMS 0x0000000615400000| PB 0x0000000615400000| Untracked |  0
|  32|0x0000000615800000, 0x0000000615800000, 0x0000000615c00000|  0%| F|  |TAMS 0x0000000615800000| PB 0x0000000615800000| Untracked |  0
|  33|0x0000000615c00000, 0x0000000615c00000, 0x0000000616000000|  0%| F|  |TAMS 0x0000000615c00000| PB 0x0000000615c00000| Untracked |  0
|  34|0x0000000616000000, 0x0000000616000000, 0x0000000616400000|  0%| F|  |TAMS 0x0000000616000000| PB 0x0000000616000000| Untracked |  0
|  35|0x0000000616400000, 0x0000000616400000, 0x0000000616800000|  0%| F|  |TAMS 0x0000000616400000| PB 0x0000000616400000| Untracked |  0
|  36|0x0000000616800000, 0x0000000616800000, 0x0000000616c00000|  0%| F|  |TAMS 0x0000000616800000| PB 0x0000000616800000| Untracked |  0
|  37|0x0000000616c00000, 0x0000000616c00000, 0x0000000617000000|  0%| F|  |TAMS 0x0000000616c00000| PB 0x0000000616c00000| Untracked |  0
|  38|0x0000000617000000, 0x0000000617000000, 0x0000000617400000|  0%| F|  |TAMS 0x0000000617000000| PB 0x0000000617000000| Untracked |  0
|  39|0x0000000617400000, 0x0000000617400000, 0x0000000617800000|  0%| F|  |TAMS 0x0000000617400000| PB 0x0000000617400000| Untracked |  0
|  40|0x0000000617800000, 0x0000000617800000, 0x0000000617c00000|  0%| F|  |TAMS 0x0000000617800000| PB 0x0000000617800000| Untracked |  0
|  41|0x0000000617c00000, 0x0000000617c00000, 0x0000000618000000|  0%| F|  |TAMS 0x0000000617c00000| PB 0x0000000617c00000| Untracked |  0
|  42|0x0000000618000000, 0x0000000618000000, 0x0000000618400000|  0%| F|  |TAMS 0x0000000618000000| PB 0x0000000618000000| Untracked |  0
|  43|0x0000000618400000, 0x0000000618400000, 0x0000000618800000|  0%| F|  |TAMS 0x0000000618400000| PB 0x0000000618400000| Untracked |  0
|  44|0x0000000618800000, 0x0000000618800000, 0x0000000618c00000|  0%| F|  |TAMS 0x0000000618800000| PB 0x0000000618800000| Untracked |  0
|  45|0x0000000618c00000, 0x0000000618c00000, 0x0000000619000000|  0%| F|  |TAMS 0x0000000618c00000| PB 0x0000000618c00000| Untracked |  0
|  46|0x0000000619000000, 0x0000000619000000, 0x0000000619400000|  0%| F|  |TAMS 0x0000000619000000| PB 0x0000000619000000| Untracked |  0
|  47|0x0000000619400000, 0x0000000619400000, 0x0000000619800000|  0%| F|  |TAMS 0x0000000619400000| PB 0x0000000619400000| Untracked |  0
|  48|0x0000000619800000, 0x0000000619800000, 0x0000000619c00000|  0%| F|  |TAMS 0x0000000619800000| PB 0x0000000619800000| Untracked |  0
|  49|0x0000000619c00000, 0x0000000619c00000, 0x000000061a000000|  0%| F|  |TAMS 0x0000000619c00000| PB 0x0000000619c00000| Untracked |  0
|  50|0x000000061a000000, 0x000000061a000000, 0x000000061a400000|  0%| F|  |TAMS 0x000000061a000000| PB 0x000000061a000000| Untracked |  0
|  51|0x000000061a400000, 0x000000061a400000, 0x000000061a800000|  0%| F|  |TAMS 0x000000061a400000| PB 0x000000061a400000| Untracked |  0
|  52|0x000000061a800000, 0x000000061a800000, 0x000000061ac00000|  0%| F|  |TAMS 0x000000061a800000| PB 0x000000061a800000| Untracked |  0
|  53|0x000000061ac00000, 0x000000061ac00000, 0x000000061b000000|  0%| F|  |TAMS 0x000000061ac00000| PB 0x000000061ac00000| Untracked |  0
|  54|0x000000061b000000, 0x000000061b000000, 0x000000061b400000|  0%| F|  |TAMS 0x000000061b000000| PB 0x000000061b000000| Untracked |  0
|  55|0x000000061b400000, 0x000000061b400000, 0x000000061b800000|  0%| F|  |TAMS 0x000000061b400000| PB 0x000000061b400000| Untracked |  0
|  56|0x000000061b800000, 0x000000061b800000, 0x000000061bc00000|  0%| F|  |TAMS 0x000000061b800000| PB 0x000000061b800000| Untracked |  0
|  57|0x000000061bc00000, 0x000000061bc00000, 0x000000061c000000|  0%| F|  |TAMS 0x000000061bc00000| PB 0x000000061bc00000| Untracked |  0
|  58|0x000000061c000000, 0x000000061c000000, 0x000000061c400000|  0%| F|  |TAMS 0x000000061c000000| PB 0x000000061c000000| Untracked |  0
|  59|0x000000061c400000, 0x000000061c400000, 0x000000061c800000|  0%| F|  |TAMS 0x000000061c400000| PB 0x000000061c400000| Untracked |  0
|  60|0x000000061c800000, 0x000000061c800000, 0x000000061cc00000|  0%| F|  |TAMS 0x000000061c800000| PB 0x000000061c800000| Untracked |  0
|  61|0x000000061cc00000, 0x000000061cc00000, 0x000000061d000000|  0%| F|  |TAMS 0x000000061cc00000| PB 0x000000061cc00000| Untracked |  0
|  62|0x000000061d000000, 0x000000061d000000, 0x000000061d400000|  0%| F|  |TAMS 0x000000061d000000| PB 0x000000061d000000| Untracked |  0
|  63|0x000000061d400000, 0x000000061d400000, 0x000000061d800000|  0%| F|  |TAMS 0x000000061d400000| PB 0x000000061d400000| Untracked |  0
|  64|0x000000061d800000, 0x000000061d800000, 0x000000061dc00000|  0%| F|  |TAMS 0x000000061d800000| PB 0x000000061d800000| Untracked |  0
|  65|0x000000061dc00000, 0x000000061dc00000, 0x000000061e000000|  0%| F|  |TAMS 0x000000061dc00000| PB 0x000000061dc00000| Untracked |  0
|  66|0x000000061e000000, 0x000000061e000000, 0x000000061e400000|  0%| F|  |TAMS 0x000000061e000000| PB 0x000000061e000000| Untracked |  0
|  67|0x000000061e400000, 0x000000061e400000, 0x000000061e800000|  0%| F|  |TAMS 0x000000061e400000| PB 0x000000061e400000| Untracked |  0
|  68|0x000000061e800000, 0x000000061e800000, 0x000000061ec00000|  0%| F|  |TAMS 0x000000061e800000| PB 0x000000061e800000| Untracked |  0
|  69|0x000000061ec00000, 0x000000061ec00000, 0x000000061f000000|  0%| F|  |TAMS 0x000000061ec00000| PB 0x000000061ec00000| Untracked |  0
|  70|0x000000061f000000, 0x000000061f000000, 0x000000061f400000|  0%| F|  |TAMS 0x000000061f000000| PB 0x000000061f000000| Untracked |  0
|  71|0x000000061f400000, 0x000000061f400000, 0x000000061f800000|  0%| F|  |TAMS 0x000000061f400000| PB 0x000000061f400000| Untracked |  0
|  72|0x000000061f800000, 0x000000061f800000, 0x000000061fc00000|  0%| F|  |TAMS 0x000000061f800000| PB 0x000000061f800000| Untracked |  0
|  73|0x000000061fc00000, 0x000000061fc00000, 0x0000000620000000|  0%| F|  |TAMS 0x000000061fc00000| PB 0x000000061fc00000| Untracked |  0
|  74|0x0000000620000000, 0x0000000620000000, 0x0000000620400000|  0%| F|  |TAMS 0x0000000620000000| PB 0x0000000620000000| Untracked |  0
|  75|0x0000000620400000, 0x0000000620400000, 0x0000000620800000|  0%| F|  |TAMS 0x0000000620400000| PB 0x0000000620400000| Untracked |  0
|  76|0x0000000620800000, 0x0000000620800000, 0x0000000620c00000|  0%| F|  |TAMS 0x0000000620800000| PB 0x0000000620800000| Untracked |  0
|  77|0x0000000620c00000, 0x0000000620c00000, 0x0000000621000000|  0%| F|  |TAMS 0x0000000620c00000| PB 0x0000000620c00000| Untracked |  0
|  78|0x0000000621000000, 0x0000000621000000, 0x0000000621400000|  0%| F|  |TAMS 0x0000000621000000| PB 0x0000000621000000| Untracked |  0
|  79|0x0000000621400000, 0x0000000621400000, 0x0000000621800000|  0%| F|  |TAMS 0x0000000621400000| PB 0x0000000621400000| Untracked |  0
|  80|0x0000000621800000, 0x0000000621800000, 0x0000000621c00000|  0%| F|  |TAMS 0x0000000621800000| PB 0x0000000621800000| Untracked |  0
|  81|0x0000000621c00000, 0x0000000621c00000, 0x0000000622000000|  0%| F|  |TAMS 0x0000000621c00000| PB 0x0000000621c00000| Untracked |  0
|  82|0x0000000622000000, 0x0000000622000000, 0x0000000622400000|  0%| F|  |TAMS 0x0000000622000000| PB 0x0000000622000000| Untracked |  0
|  83|0x0000000622400000, 0x0000000622400000, 0x0000000622800000|  0%| F|  |TAMS 0x0000000622400000| PB 0x0000000622400000| Untracked |  0
|  84|0x0000000622800000, 0x0000000622800000, 0x0000000622c00000|  0%| F|  |TAMS 0x0000000622800000| PB 0x0000000622800000| Untracked |  0
|  85|0x0000000622c00000, 0x0000000622c00000, 0x0000000623000000|  0%| F|  |TAMS 0x0000000622c00000| PB 0x0000000622c00000| Untracked |  0
|  86|0x0000000623000000, 0x0000000623000000, 0x0000000623400000|  0%| F|  |TAMS 0x0000000623000000| PB 0x0000000623000000| Untracked |  0
|  87|0x0000000623400000, 0x0000000623400000, 0x0000000623800000|  0%| F|  |TAMS 0x0000000623400000| PB 0x0000000623400000| Untracked |  0
|  88|0x0000000623800000, 0x0000000623800000, 0x0000000623c00000|  0%| F|  |TAMS 0x0000000623800000| PB 0x0000000623800000| Untracked |  0
|  89|0x0000000623c00000, 0x0000000623c00000, 0x0000000624000000|  0%| F|  |TAMS 0x0000000623c00000| PB 0x0000000623c00000| Untracked |  0
|  90|0x0000000624000000, 0x0000000624000000, 0x0000000624400000|  0%| F|  |TAMS 0x0000000624000000| PB 0x0000000624000000| Untracked |  0
|  91|0x0000000624400000, 0x0000000624400000, 0x0000000624800000|  0%| F|  |TAMS 0x0000000624400000| PB 0x0000000624400000| Untracked |  0
|  92|0x0000000624800000, 0x0000000624800000, 0x0000000624c00000|  0%| F|  |TAMS 0x0000000624800000| PB 0x0000000624800000| Untracked |  0
|  93|0x0000000624c00000, 0x0000000624c00000, 0x0000000625000000|  0%| F|  |TAMS 0x0000000624c00000| PB 0x0000000624c00000| Untracked |  0
|  94|0x0000000625000000, 0x0000000625000000, 0x0000000625400000|  0%| F|  |TAMS 0x0000000625000000| PB 0x0000000625000000| Untracked |  0
|  95|0x0000000625400000, 0x0000000625400000, 0x0000000625800000|  0%| F|  |TAMS 0x0000000625400000| PB 0x0000000625400000| Untracked |  0
|  96|0x0000000625800000, 0x0000000625800000, 0x0000000625c00000|  0%| F|  |TAMS 0x0000000625800000| PB 0x0000000625800000| Untracked |  0
|  97|0x0000000625c00000, 0x0000000625c00000, 0x0000000626000000|  0%| F|  |TAMS 0x0000000625c00000| PB 0x0000000625c00000| Untracked |  0
|  98|0x0000000626000000, 0x0000000626000000, 0x0000000626400000|  0%| F|  |TAMS 0x0000000626000000| PB 0x0000000626000000| Untracked |  0
|  99|0x0000000626400000, 0x0000000626400000, 0x0000000626800000|  0%| F|  |TAMS 0x0000000626400000| PB 0x0000000626400000| Untracked |  0
| 100|0x0000000626800000, 0x0000000626800000, 0x0000000626c00000|  0%| F|  |TAMS 0x0000000626800000| PB 0x0000000626800000| Untracked |  0
| 101|0x0000000626c00000, 0x0000000626c00000, 0x0000000627000000|  0%| F|  |TAMS 0x0000000626c00000| PB 0x0000000626c00000| Untracked |  0
| 102|0x0000000627000000, 0x0000000627000000, 0x0000000627400000|  0%| F|  |TAMS 0x0000000627000000| PB 0x0000000627000000| Untracked |  0
| 103|0x0000000627400000, 0x0000000627400000, 0x0000000627800000|  0%| F|  |TAMS 0x0000000627400000| PB 0x0000000627400000| Untracked |  0
| 104|0x0000000627800000, 0x0000000627800000, 0x0000000627c00000|  0%| F|  |TAMS 0x0000000627800000| PB 0x0000000627800000| Untracked |  0
| 105|0x0000000627c00000, 0x0000000627c00000, 0x0000000628000000|  0%| F|  |TAMS 0x0000000627c00000| PB 0x0000000627c00000| Untracked |  0
| 106|0x0000000628000000, 0x0000000628000000, 0x0000000628400000|  0%| F|  |TAMS 0x0000000628000000| PB 0x0000000628000000| Untracked |  0
| 107|0x0000000628400000, 0x0000000628400000, 0x0000000628800000|  0%| F|  |TAMS 0x0000000628400000| PB 0x0000000628400000| Untracked |  0
| 108|0x0000000628800000, 0x0000000628800000, 0x0000000628c00000|  0%| F|  |TAMS 0x0000000628800000| PB 0x0000000628800000| Untracked |  0
| 109|0x0000000628c00000, 0x0000000628c00000, 0x0000000629000000|  0%| F|  |TAMS 0x0000000628c00000| PB 0x0000000628c00000| Untracked |  0
| 110|0x0000000629000000, 0x0000000629000000, 0x0000000629400000|  0%| F|  |TAMS 0x0000000629000000| PB 0x0000000629000000| Untracked |  0
| 111|0x0000000629400000, 0x0000000629400000, 0x0000000629800000|  0%| F|  |TAMS 0x0000000629400000| PB 0x0000000629400000| Untracked |  0
| 112|0x0000000629800000, 0x0000000629800000, 0x0000000629c00000|  0%| F|  |TAMS 0x0000000629800000| PB 0x0000000629800000| Untracked |  0
| 113|0x0000000629c00000, 0x0000000629c00000, 0x000000062a000000|  0%| F|  |TAMS 0x0000000629c00000| PB 0x0000000629c00000| Untracked |  0
| 114|0x000000062a000000, 0x000000062a000000, 0x000000062a400000|  0%| F|  |TAMS 0x000000062a000000| PB 0x000000062a000000| Untracked |  0
| 115|0x000000062a400000, 0x000000062a400000, 0x000000062a800000|  0%| F|  |TAMS 0x000000062a400000| PB 0x000000062a400000| Untracked |  0
| 116|0x000000062a800000, 0x000000062a800000, 0x000000062ac00000|  0%| F|  |TAMS 0x000000062a800000| PB 0x000000062a800000| Untracked |  0
| 117|0x000000062ac00000, 0x000000062af827f0, 0x000000062b000000| 87%| S|CS|TAMS 0x000000062ac00000| PB 0x000000062ac00000| Complete |  0
| 118|0x000000062b000000, 0x000000062b000000, 0x000000062b400000|  0%| F|  |TAMS 0x000000062b000000| PB 0x000000062b000000| Untracked |  0
| 119|0x000000062b400000, 0x000000062b504fe0, 0x000000062b800000| 25%| E|  |TAMS 0x000000062b400000| PB 0x000000062b400000| Complete |  0
| 120|0x000000062b800000, 0x000000062bc00000, 0x000000062bc00000|100%| E|CS|TAMS 0x000000062b800000| PB 0x000000062b800000| Complete |  0
| 121|0x000000062bc00000, 0x000000062c000000, 0x000000062c000000|100%| E|CS|TAMS 0x000000062bc00000| PB 0x000000062bc00000| Complete |  0
| 122|0x000000062c000000, 0x000000062c400000, 0x000000062c400000|100%| E|CS|TAMS 0x000000062c000000| PB 0x000000062c000000| Complete |  0
| 123|0x000000062c400000, 0x000000062c800000, 0x000000062c800000|100%| E|CS|TAMS 0x000000062c400000| PB 0x000000062c400000| Complete |  0
| 124|0x000000062c800000, 0x000000062cc00000, 0x000000062cc00000|100%| E|CS|TAMS 0x000000062c800000| PB 0x000000062c800000| Complete |  0

Card table byte_map: [0x0000020730aa0000,0x0000020731a40000] _byte_map_base: 0x000002072da34000

Marking Bits: (CMBitMap*) 0x0000020717588830
 Bits: [0x0000020731a40000, 0x00000207396e0000)

Polling page: 0x0000020716cb0000

Metaspace:

Usage:
  Non-class:     12.64 MB used.
      Class:      2.13 MB used.
       Both:     14.77 MB used.

Virtual space:
  Non-class space:       64.00 MB reserved,      12.81 MB ( 20%) committed,  1 nodes.
      Class space:        1.00 GB reserved,       2.25 MB ( <1%) committed,  1 nodes.
             Both:        1.06 GB reserved,      15.06 MB (  1%) committed. 

Chunk freelists:
   Non-Class:  2.64 MB
       Class:  13.72 MB
        Both:  16.36 MB

MaxMetaspaceSize: unlimited
CompressedClassSpaceSize: 1.00 GB
Initial GC threshold: 21.00 MB
Current GC threshold: 21.00 MB
CDS: on
 - commit_granule_bytes: 65536.
 - commit_granule_words: 8192.
 - virtual_space_node_default_size: 8388608.
 - enlarge_chunks_in_place: 1.
 - use_allocation_guard: 0.


Internal statistics:

num_allocs_failed_limit: 0.
num_arena_births: 312.
num_arena_deaths: 0.
num_vsnodes_births: 2.
num_vsnodes_deaths: 0.
num_space_committed: 241.
num_space_uncommitted: 0.
num_chunks_returned_to_freelist: 0.
num_chunks_taken_from_freelist: 738.
num_chunk_merges: 0.
num_chunk_splits: 507.
num_chunks_enlarged: 385.
num_inconsistent_stats: 0.

CodeHeap 'non-profiled nmethods': size=119232Kb used=746Kb max_used=746Kb free=118485Kb
 bounds [0x00000207277b0000, 0x0000020727a20000, 0x000002072ec20000]
CodeHeap 'profiled nmethods': size=119104Kb used=3054Kb max_used=3054Kb free=116049Kb
 bounds [0x000002071fc20000, 0x000002071ff20000, 0x0000020727070000]
CodeHeap 'non-nmethods': size=7424Kb used=3688Kb max_used=3702Kb free=3735Kb
 bounds [0x0000020727070000, 0x0000020727420000, 0x00000207277b0000]
CodeCache: size=245760Kb, used=7488Kb, max_used=7502Kb, free=238269Kb
 total_blobs=3155, nmethods=2312, adapters=745, full_count=0
Compilation: enabled, stopped_count=0, restarted_count=0

Compilation events (20 events):
Event: 1.498 Thread 0x000002077e107a40 2304       1       com.sun.javafx.geom.transform.BaseTransform::getMxx (2 bytes)
Event: 1.498 Thread 0x000002073bcf21d0 2305       1       com.sun.javafx.geom.transform.BaseTransform::getMxy (2 bytes)
Event: 1.498 Thread 0x000002077e1df4d0 2306       1       com.sun.javafx.geom.transform.BaseTransform::getMyx (2 bytes)
Event: 1.498 Thread 0x000002077e281a30 2307       1       com.sun.javafx.geom.transform.BaseTransform::getMyy (2 bytes)
Event: 1.498 Thread 0x000002077e107a40 nmethod 2304 0x0000020727869c08 code [0x0000020727869d40, 0x0000020727869e10]
Event: 1.498 Thread 0x000002073bcf21d0 nmethod 2305 0x0000020727869f08 code [0x000002072786a040, 0x000002072786a110]
Event: 1.498 Thread 0x000002077e1df4d0 nmethod 2306 0x000002072786a208 code [0x000002072786a340, 0x000002072786a410]
Event: 1.498 Thread 0x000002077e281a30 nmethod 2307 0x000002072786a508 code [0x000002072786a640, 0x000002072786a710]
Event: 1.590 Thread 0x000002077e1df4d0 2308       3       javafx.event.Event::copyFor (45 bytes)
Event: 1.590 Thread 0x000002077e281a30 2309       3       javafx.scene.input.MouseEvent::copyFor (18 bytes)
Event: 1.590 Thread 0x000002077e107a40 2310       3       javafx.scene.input.MouseEvent::recomputeCoordinatesToSource (34 bytes)
Event: 1.590 Thread 0x000002077e107a40 nmethod 2310 0x000002071ff1a188 code [0x000002071ff1a2c0, 0x000002071ff1a470]
Event: 1.590 Thread 0x000002077e281a30 nmethod 2309 0x000002071ff1a508 code [0x000002071ff1a660, 0x000002071ff1aa38]
Event: 1.590 Thread 0x000002077e1df4d0 nmethod 2308 0x000002071ff1aa88 code [0x000002071ff1abe0, 0x000002071ff1b138]
Event: 1.596 Thread 0x000002077e281a30 2311       3       javafx.scene.Node::isDirtyEmpty (10 bytes)
Event: 1.596 Thread 0x000002077e1df4d0 2312       3       java.lang.invoke.Invokers$Holder::linkToTargetMethod (10 bytes)
Event: 1.596 Thread 0x000002077e281a30 nmethod 2311 0x000002071ff1b188 code [0x000002071ff1b2a0, 0x000002071ff1b480]
Event: 1.596 Thread 0x000002077e1df4d0 nmethod 2312 0x000002071ff1b508 code [0x000002071ff1b640, 0x000002071ff1ba68]
Event: 1.597 Thread 0x000002077e281a30 2313       1       java.util.logging.LogManager$LoggerContext::getOwner (5 bytes)
Event: 1.597 Thread 0x000002077e281a30 nmethod 2313 0x000002072786a808 code [0x000002072786a920, 0x000002072786a9f0]

GC Heap History (4 events):
Event: 0.381 GC heap before
{Heap before GC invocations=0 (full 0):
 garbage-first heap   total reserved 8167424K, committed 512000K, used 24576K [0x000000060d800000, 0x0000000800000000)
  region size 4096K, 6 young (24576K), 0 survivors (0K)
 Metaspace       used 4936K, committed 5184K, reserved 1114112K
  class space    used 568K, committed 704K, reserved 1048576K
}
Event: 0.385 GC heap after
{Heap after GC invocations=1 (full 0):
 garbage-first heap   total reserved 8167424K, committed 512000K, used 2898K [0x000000060d800000, 0x0000000800000000)
  region size 4096K, 1 young (4096K), 1 survivors (4096K)
 Metaspace       used 4936K, committed 5184K, reserved 1114112K
  class space    used 568K, committed 704K, reserved 1048576K
}
Event: 0.541 GC heap before
{Heap before GC invocations=1 (full 0):
 garbage-first heap   total reserved 8167424K, committed 512000K, used 27474K [0x000000060d800000, 0x0000000800000000)
  region size 4096K, 7 young (28672K), 1 survivors (4096K)
 Metaspace       used 11205K, committed 11520K, reserved 1114112K
  class space    used 1538K, committed 1664K, reserved 1048576K
}
Event: 0.544 GC heap after
{Heap after GC invocations=2 (full 0):
 garbage-first heap   total reserved 8167424K, committed 512000K, used 6212K [0x000000060d800000, 0x0000000800000000)
  region size 4096K, 1 young (4096K), 1 survivors (4096K)
 Metaspace       used 11205K, committed 11520K, reserved 1114112K
  class space    used 1538K, committed 1664K, reserved 1048576K
}

Dll operation events (20 events):
Event: 0.171 Loaded shared library C:\Users\__tea_\.openjfx\cache\21+31\amd64\api-ms-win-crt-locale-l1-1-0.dll
Event: 0.172 Loaded shared library C:\Users\__tea_\.openjfx\cache\21+31\amd64\api-ms-win-crt-math-l1-1-0.dll
Event: 0.173 Loaded shared library C:\Users\__tea_\.openjfx\cache\21+31\amd64\api-ms-win-crt-multibyte-l1-1-0.dll
Event: 0.174 Loaded shared library C:\Users\__tea_\.openjfx\cache\21+31\amd64\api-ms-win-crt-private-l1-1-0.dll
Event: 0.175 Loaded shared library C:\Users\__tea_\.openjfx\cache\21+31\amd64\api-ms-win-crt-process-l1-1-0.dll
Event: 0.176 Loaded shared library C:\Users\__tea_\.openjfx\cache\21+31\amd64\api-ms-win-crt-runtime-l1-1-0.dll
Event: 0.177 Loaded shared library C:\Users\__tea_\.openjfx\cache\21+31\amd64\api-ms-win-crt-stdio-l1-1-0.dll
Event: 0.178 Loaded shared library C:\Users\__tea_\.openjfx\cache\21+31\amd64\api-ms-win-crt-string-l1-1-0.dll
Event: 0.180 Loaded shared library C:\Users\__tea_\.openjfx\cache\21+31\amd64\api-ms-win-crt-time-l1-1-0.dll
Event: 0.181 Loaded shared library C:\Users\__tea_\.openjfx\cache\21+31\amd64\api-ms-win-crt-utility-l1-1-0.dll
Event: 0.188 Loaded shared library C:\Users\__tea_\.openjfx\cache\21+31\amd64\ucrtbase.dll
Event: 0.189 Loaded shared library C:\Users\__tea_\.openjfx\cache\21+31\amd64\vcruntime140.dll
Event: 0.191 Loaded shared library C:\Users\__tea_\.openjfx\cache\21+31\amd64\vcruntime140_1.dll
Event: 0.194 Loaded shared library C:\Users\__tea_\.openjfx\cache\21+31\amd64\msvcp140.dll
Event: 0.195 Loaded shared library C:\Users\__tea_\.openjfx\cache\21+31\amd64\msvcp140_1.dll
Event: 0.197 Loaded shared library C:\Users\__tea_\.openjfx\cache\21+31\amd64\msvcp140_2.dll
Event: 0.213 Loaded shared library C:\Users\__tea_\.openjfx\cache\21+31\amd64\prism_d3d.dll
Event: 0.269 Loaded shared library C:\Users\__tea_\.openjfx\cache\21+31\amd64\glass.dll
Event: 0.394 Loaded shared library C:\Users\__tea_\.jdks\openjdk-23.0.1\bin\jimage.dll
Event: 0.489 Loaded shared library C:\Users\__tea_\.openjfx\cache\21+31\amd64\javafx_font.dll

Deoptimization events (20 events):
Event: 0.631 Thread 0x000002077f0cbbd0 Uncommon trap: trap_request=0xffffff45 fr.pc=0x00000207278130f4 relative=0x00000000000004b4
Event: 0.631 Thread 0x000002077f0cbbd0 Uncommon trap: reason=unstable_if action=reinterpret pc=0x00000207278130f4 method=java.lang.AbstractStringBuilder.isLatin1()Z @ 10 c2
Event: 0.631 Thread 0x000002077f0cbbd0 DEOPT PACKING pc=0x00000207278130f4 sp=0x000000c03fffcb30
Event: 0.631 Thread 0x000002077f0cbbd0 DEOPT UNPACKING pc=0x00000207270c7982 sp=0x000000c03fffcac0 mode 2
Event: 0.631 Thread 0x000002077f0cbbd0 Uncommon trap: trap_request=0xffffff45 fr.pc=0x00000207277be44c relative=0x000000000000028c
Event: 0.631 Thread 0x000002077f0cbbd0 Uncommon trap: reason=unstable_if action=reinterpret pc=0x00000207277be44c method=java.lang.String.isLatin1()Z @ 10 c2
Event: 0.631 Thread 0x000002077f0cbbd0 DEOPT PACKING pc=0x00000207277be44c sp=0x000000c03fffcd40
Event: 0.631 Thread 0x000002077f0cbbd0 DEOPT UNPACKING pc=0x00000207270c7982 sp=0x000000c03fffcc78 mode 2
Event: 0.633 Thread 0x000002077f0cbbd0 Uncommon trap: trap_request=0xffffff45 fr.pc=0x000002072782b704 relative=0x00000000000001e4
Event: 0.633 Thread 0x000002077f0cbbd0 Uncommon trap: reason=unstable_if action=reinterpret pc=0x000002072782b704 method=java.io.ByteArrayInputStream.read()I @ 8 c2
Event: 0.633 Thread 0x000002077f0cbbd0 DEOPT PACKING pc=0x000002072782b704 sp=0x000000c03fffbb60
Event: 0.633 Thread 0x000002077f0cbbd0 DEOPT UNPACKING pc=0x00000207270c7982 sp=0x000000c03fffbb08 mode 2
Event: 0.639 Thread 0x000002077f0cbbd0 Uncommon trap: trap_request=0xffffff45 fr.pc=0x000002072780d6c8 relative=0x0000000000000148
Event: 0.639 Thread 0x000002077f0cbbd0 Uncommon trap: reason=unstable_if action=reinterpret pc=0x000002072780d6c8 method=java.lang.String.indexOf(I)I @ 4 c2
Event: 0.639 Thread 0x000002077f0cbbd0 DEOPT PACKING pc=0x000002072780d6c8 sp=0x000000c03fffcd10
Event: 0.639 Thread 0x000002077f0cbbd0 DEOPT UNPACKING pc=0x00000207270c7982 sp=0x000000c03fffccb0 mode 2
Event: 0.640 Thread 0x000002077f0cbbd0 Uncommon trap: trap_request=0xffffff45 fr.pc=0x00000207277f1134 relative=0x0000000000000214
Event: 0.640 Thread 0x000002077f0cbbd0 Uncommon trap: reason=unstable_if action=reinterpret pc=0x00000207277f1134 method=java.lang.String.startsWith(Ljava/lang/String;I)Z @ 50 c2
Event: 0.640 Thread 0x000002077f0cbbd0 DEOPT PACKING pc=0x00000207277f1134 sp=0x000000c03fffccd0
Event: 0.640 Thread 0x000002077f0cbbd0 DEOPT UNPACKING pc=0x00000207270c7982 sp=0x000000c03fffcc58 mode 2

Classes loaded (20 events):
Event: 0.692 Loading class java/lang/invoke/DirectMethodHandle$StaticAccessor
Event: 0.692 Loading class java/lang/invoke/DirectMethodHandle$StaticAccessor done
Event: 0.700 Loading class java/nio/ShortBuffer
Event: 0.700 Loading class java/nio/ShortBuffer done
Event: 0.700 Loading class java/nio/DoubleBuffer
Event: 0.700 Loading class java/nio/DoubleBuffer done
Event: 0.700 Loading class java/nio/DirectFloatBufferU
Event: 0.701 Loading class java/nio/DirectFloatBufferU done
Event: 0.701 Loading class java/lang/FdLibm$Atan2
Event: 0.702 Loading class java/lang/FdLibm$Atan2 done
Event: 0.702 Loading class java/lang/FdLibm
Event: 0.702 Loading class java/lang/FdLibm done
Event: 1.073 Loading class java/util/EnumMap$Values
Event: 1.074 Loading class java/util/EnumMap$Values done
Event: 1.074 Loading class java/util/EnumMap$ValueIterator
Event: 1.074 Loading class java/util/EnumMap$EnumMapIterator
Event: 1.074 Loading class java/util/EnumMap$EnumMapIterator done
Event: 1.074 Loading class java/util/EnumMap$ValueIterator done
Event: 1.489 Loading class java/io/UnsupportedEncodingException
Event: 1.489 Loading class java/io/UnsupportedEncodingException done

Classes unloaded (0 events):
No events

Classes redefined (0 events):
No events

Internal exceptions (20 events):
Event: 0.480 Thread 0x000002077f0cbbd0 Exception <a 'java/lang/ClassNotFoundException'{0x000000062bdee170}: com/sun/glass/ui/win/themes> (0x000000062bdee170) 
thrown [s\open\src\hotspot\share\prims\jni.cpp, line 539]
Event: 0.480 Thread 0x000002077f0cbbd0 Exception <a 'java/lang/ClassNotFoundException'{0x000000062bdf61f0}: com/sun/glass/ui/win/themes_ru> (0x000000062bdf61f0) 
thrown [s\open\src\hotspot\share\prims\jni.cpp, line 539]
Event: 0.480 Thread 0x000002077f0cbbd0 Exception <a 'java/lang/ClassNotFoundException'{0x000000062bdf6fc8}: com/sun/glass/ui/win/themes_ru_RU> (0x000000062bdf6fc8) 
thrown [s\open\src\hotspot\share\prims\jni.cpp, line 539]
Event: 0.516 Thread 0x000002077f0cbbd0 Exception <a 'java/lang/NoSuchMethodError'{0x000000062b409e18}: 'void java.lang.invoke.DirectMethodHandle$Holder.invokeStaticInit(java.lang.Object, java.lang.Object)'> (0x000000062b409e18) 
thrown [s\open\src\hotspot\share\interpreter\linkResolver.cpp, line 796]
Event: 0.524 Thread 0x000002077f0cbbd0 Exception <a 'java/lang/NoSuchMethodError'{0x000000062b50e8e8}: 'void java.lang.invoke.DirectMethodHandle$Holder.invokeSpecial(java.lang.Object, java.lang.Object, double)'> (0x000000062b50e8e8) 
thrown [s\open\src\hotspot\share\interpreter\linkResolver.cpp, line 796]
Event: 0.524 Thread 0x000002077f0cbbd0 Exception <a 'java/lang/NoSuchMethodError'{0x000000062b519758}: 'double java.lang.invoke.DelegatingMethodHandle$Holder.reinvoke_L(java.lang.Object, java.lang.Object, int)'> (0x000000062b519758) 
thrown [s\open\src\hotspot\share\interpreter\linkResolver.cpp, line 796]
Event: 0.525 Thread 0x000002077f0cbbd0 Exception <a 'java/lang/NoSuchMethodError'{0x000000062b52b5e8}: 'java.lang.Object java.lang.invoke.DirectMethodHandle$Holder.invokeStatic(java.lang.Object, java.lang.Object, java.lang.Object, java.lang.Object, int)'> (0x000000062b52b5e8) 
thrown [s\open\src\hotspot\share\interpreter\linkResolver.cpp, line 796]
Event: 0.525 Thread 0x000002077f0cbbd0 Exception <a 'java/lang/NoSuchMethodError'{0x000000062b536a30}: 'void java.lang.invoke.DelegatingMethodHandle$Holder.reinvoke_L(java.lang.Object, java.lang.Object, double)'> (0x000000062b536a30) 
thrown [s\open\src\hotspot\share\interpreter\linkResolver.cpp, line 796]
Event: 0.550 Thread 0x000002077f0cbbd0 Exception <a 'java/lang/ClassNotFoundException'{0x000000062c94c810}: com/sun/javafx/scene/control/skin/resources/controls> (0x000000062c94c810) 
thrown [s\open\src\hotspot\share\prims\jni.cpp, line 539]
Event: 0.550 Thread 0x000002077f0cbbd0 Exception <a 'java/lang/ClassNotFoundException'{0x000000062c999320}: com/sun/javafx/scene/control/skin/resources/controls_ru> (0x000000062c999320) 
thrown [s\open\src\hotspot\share\prims\jni.cpp, line 539]
Event: 0.550 Thread 0x000002077f0cbbd0 Exception <a 'java/lang/ClassNotFoundException'{0x000000062c99a2e8}: com/sun/javafx/scene/control/skin/resources/controls_ru_RU> (0x000000062c99a2e8) 
thrown [s\open\src\hotspot\share\prims\jni.cpp, line 539]
Event: 0.613 Thread 0x000002077f0cbbd0 Exception <a 'java/lang/IncompatibleClassChangeError'{0x000000062c204408}: Found class java.lang.Object, but interface was expected> (0x000000062c204408) 
thrown [s\open\src\hotspot\share\interpreter\linkResolver.cpp, line 863]
Event: 0.636 Thread 0x000002077f0cbbd0 Exception <a 'java/lang/NoSuchMethodError'{0x000000062bc04110}: 'int java.lang.invoke.DirectMethodHandle$Holder.invokeSpecial(java.lang.Object, java.lang.Object, int)'> (0x000000062bc04110) 
thrown [s\open\src\hotspot\share\interpreter\linkResolver.cpp, line 796]
Event: 0.637 Thread 0x000002077f0cbbd0 Exception <a 'java/lang/NoSuchMethodError'{0x000000062bc0efa0}: 'int java.lang.invoke.DirectMethodHandle$Holder.invokeSpecial(java.lang.Object, java.lang.Object, java.lang.Object)'> (0x000000062bc0efa0) 
thrown [s\open\src\hotspot\share\interpreter\linkResolver.cpp, line 796]
Event: 0.645 Thread 0x000002077f0cbbd0 Exception <a 'java/lang/NoSuchMethodError'{0x000000062bd13d48}: 'java.lang.Object java.lang.invoke.DirectMethodHandle$Holder.newInvokeSpecial(java.lang.Object, java.lang.Object, int)'> (0x000000062bd13d48) 
thrown [s\open\src\hotspot\share\interpreter\linkResolver.cpp, line 796]
Event: 0.675 Thread 0x000002077ef3b1f0 Exception <a 'java/lang/NoSuchMethodError'{0x000000062bdc4f88}: 'int java.lang.invoke.DirectMethodHandle$Holder.invokeStaticInit(java.lang.Object, java.lang.Object)'> (0x000000062bdc4f88) 
thrown [s\open\src\hotspot\share\interpreter\linkResolver.cpp, line 796]
Event: 1.494 Thread 0x000002077f0cbbd0 Exception <a 'java/lang/NoSuchMethodError'{0x000000062b42adf8}: 'long java.lang.invoke.DirectMethodHandle$Holder.invokeStatic(java.lang.Object, java.lang.Object, java.lang.Object)'> (0x000000062b42adf8) 
thrown [s\open\src\hotspot\share\interpreter\linkResolver.cpp, line 796]
Event: 1.494 Thread 0x000002077f0cbbd0 Exception <a 'java/lang/NoSuchMethodError'{0x000000062b42e4c0}: 'long java.lang.invoke.DirectMethodHandle$Holder.invokeStaticInit(java.lang.Object, java.lang.Object, java.lang.Object)'> (0x000000062b42e4c0) 
thrown [s\open\src\hotspot\share\interpreter\linkResolver.cpp, line 796]
Event: 1.495 Thread 0x000002077f0cbbd0 Exception <a 'java/lang/NoSuchMethodError'{0x000000062b443598}: 'java.lang.Object java.lang.invoke.DirectMethodHandle$Holder.newInvokeSpecial(java.lang.Object, java.lang.Object, long)'> (0x000000062b443598) 
thrown [s\open\src\hotspot\share\interpreter\linkResolver.cpp, line 796]
Event: 1.495 Thread 0x000002077f0cbbd0 Exception <a 'java/lang/NoSuchMethodError'{0x000000062b446ef8}: 'java.lang.Object java.lang.invoke.Invokers$Holder.linkToTargetMethod(java.lang.Object, long, java.lang.Object)'> (0x000000062b446ef8) 
thrown [s\open\src\hotspot\share\interpreter\linkResolver.cpp, line 796]

VM Operations (19 events):
Event: 0.073 Executing VM operation: HandshakeAllThreads (Deoptimize)
Event: 0.073 Executing VM operation: HandshakeAllThreads (Deoptimize) done
Event: 0.073 Executing VM operation: HandshakeAllThreads (Deoptimize)
Event: 0.073 Executing VM operation: HandshakeAllThreads (Deoptimize) done
Event: 0.265 Executing VM operation: HandshakeAllThreads (Deoptimize)
Event: 0.265 Executing VM operation: HandshakeAllThreads (Deoptimize) done
Event: 0.381 Executing VM operation: G1CollectForAllocation (G1 Evacuation Pause)
Event: 0.385 Executing VM operation: G1CollectForAllocation (G1 Evacuation Pause) done
Event: 0.418 Executing VM operation: HandshakeAllThreads (Deoptimize)
Event: 0.418 Executing VM operation: HandshakeAllThreads (Deoptimize) done
Event: 0.457 Executing VM operation: HandshakeAllThreads (Deoptimize)
Event: 0.457 Executing VM operation: HandshakeAllThreads (Deoptimize) done
Event: 0.491 Executing VM operation: HandshakeAllThreads (Deoptimize)
Event: 0.491 Executing VM operation: HandshakeAllThreads (Deoptimize) done
Event: 0.541 Executing VM operation: G1CollectForAllocation (G1 Evacuation Pause)
Event: 0.544 Executing VM operation: G1CollectForAllocation (G1 Evacuation Pause) done
Event: 0.686 Executing VM operation: HandshakeAllThreads (Deoptimize)
Event: 0.686 Executing VM operation: HandshakeAllThreads (Deoptimize) done
Event: 1.598 Executing VM operation: Exit

Memory protections (0 events):
No events

Nmethod flushes (0 events):
No events

Events (20 events):
Event: 0.053 Thread 0x000002077e1df4d0 Thread added: 0x000002077e33a490
Event: 0.053 Thread 0x000002077e281a30 Thread added: 0x000002077e34d5f0
Event: 0.089 Thread 0x00000207174dfb90 Thread added: 0x000002077eae1530
Event: 0.089 Thread 0x00000207174dfb90 Thread added: 0x000002077e7a5fe0
Event: 0.209 Thread 0x00000207174dfb90 Thread added: 0x000002077ef3b1f0
Event: 0.259 Thread 0x000002077e34d5f0 Thread exited: 0x000002077e34d5f0
Event: 0.270 Thread 0x00000207174dfb90 Thread added: 0x000002077f0c0130
Event: 0.271 Thread 0x00000207174dfb90 Thread added: 0x000002077f0cbbd0
Event: 0.347 Thread 0x000002077e33a490 Thread exited: 0x000002077e33a490
Event: 0.373 Thread 0x000002077f6c27e0 Thread added: 0x000002077f6c27e0
Event: 0.379 Thread 0x00000207174dfb90 Thread added: 0x000002077f6c3500
Event: 0.610 Thread 0x000002077f0cbbd0 Thread added: 0x000002077f6c0710
Event: 0.690 Thread 0x000002077ef3b1f0 Thread added: 0x000002077f6c2e70
Event: 0.869 Thread 0x000002077e283c20 Thread exited: 0x000002077e283c20
Event: 1.085 Thread 0x000002077e2811b0 Thread exited: 0x000002077e2811b0
Event: 1.597 Thread 0x000002077f0cbbd0 Thread added: 0x000002077f6c1ac0
Event: 1.597 Thread 0x000002077f0cbbd0 Thread added: 0x000002070b0b4c40
Event: 1.597 Thread 0x000002070b0b4c40 Thread exited: 0x000002070b0b4c40
Event: 1.597 Thread 0x000002077f6c1ac0 Thread exited: 0x000002077f6c1ac0
Event: 1.597 Thread 0x000002077f0cbbd0 Before exit entered


Dynamic libraries:
0x00007ff6aa530000 - 0x00007ff6aa53e000 	C:\Users\__tea_\.jdks\openjdk-23.0.1\bin\java.exe
0x00007ffc5dc90000 - 0x00007ffc5de88000 	C:\Windows\SYSTEM32\ntdll.dll
0x00007ffc5d380000 - 0x00007ffc5d442000 	C:\Windows\System32\KERNEL32.DLL
0x00007ffc5b760000 - 0x00007ffc5ba57000 	C:\Windows\System32\KERNELBASE.dll
0x00007ffc5b3c0000 - 0x00007ffc5b4c0000 	C:\Windows\System32\ucrtbase.dll
0x00007ffc50630000 - 0x00007ffc50647000 	C:\Users\__tea_\.jdks\openjdk-23.0.1\bin\jli.dll
0x00007ffc50380000 - 0x00007ffc5039b000 	C:\Users\__tea_\.jdks\openjdk-23.0.1\bin\VCRUNTIME140.dll
0x00007ffc5d750000 - 0x00007ffc5d8ed000 	C:\Windows\System32\USER32.dll
0x00007ffc43e50000 - 0x00007ffc440ea000 	C:\Windows\WinSxS\amd64_microsoft.windows.common-controls_6595b64144ccf1df_6.0.19041.5915_none_60b4b9d171f9c7c7\COMCTL32.dll
0x00007ffc5bc50000 - 0x00007ffc5bc72000 	C:\Windows\System32\win32u.dll
0x00007ffc5c730000 - 0x00007ffc5c7ce000 	C:\Windows\System32\msvcrt.dll
0x00007ffc5d350000 - 0x00007ffc5d37b000 	C:\Windows\System32\GDI32.dll
0x00007ffc5bb00000 - 0x00007ffc5bc19000 	C:\Windows\System32\gdi32full.dll
0x00007ffc5ba60000 - 0x00007ffc5bafd000 	C:\Windows\System32\msvcp_win.dll
0x00007ffc5d450000 - 0x00007ffc5d47f000 	C:\Windows\System32\IMM32.DLL
0x00007ffc589a0000 - 0x00007ffc589ac000 	C:\Users\__tea_\.jdks\openjdk-23.0.1\bin\vcruntime140_1.dll
0x00007ffc183b0000 - 0x00007ffc1843e000 	C:\Users\__tea_\.jdks\openjdk-23.0.1\bin\msvcp140.dll
0x00007ffbb6d80000 - 0x00007ffbb7acf000 	C:\Users\__tea_\.jdks\openjdk-23.0.1\bin\server\jvm.dll
0x00007ffc5c670000 - 0x00007ffc5c721000 	C:\Windows\System32\ADVAPI32.dll
0x00007ffc5d2b0000 - 0x00007ffc5d34f000 	C:\Windows\System32\sechost.dll
0x00007ffc5bcf0000 - 0x00007ffc5be16000 	C:\Windows\System32\RPCRT4.dll
0x00007ffc5bc20000 - 0x00007ffc5bc47000 	C:\Windows\System32\bcrypt.dll
0x00007ffc5d530000 - 0x00007ffc5d59b000 	C:\Windows\System32\WS2_32.dll
0x00007ffc5a830000 - 0x00007ffc5a87b000 	C:\Windows\SYSTEM32\POWRPROF.dll
0x00007ffc551f0000 - 0x00007ffc551fa000 	C:\Windows\SYSTEM32\VERSION.dll
0x00007ffc50f20000 - 0x00007ffc50f47000 	C:\Windows\SYSTEM32\WINMM.dll
0x00007ffc5a6f0000 - 0x00007ffc5a702000 	C:\Windows\SYSTEM32\UMPDC.dll
0x00007ffc59190000 - 0x00007ffc591a2000 	C:\Windows\SYSTEM32\kernel.appcore.dll
0x00007ffc50590000 - 0x00007ffc5059a000 	C:\Users\__tea_\.jdks\openjdk-23.0.1\bin\jimage.dll
0x00007ffc54310000 - 0x00007ffc54511000 	C:\Windows\SYSTEM32\DBGHELP.DLL
0x00007ffc48950000 - 0x00007ffc48984000 	C:\Windows\SYSTEM32\dbgcore.DLL
0x00007ffc5b4c0000 - 0x00007ffc5b542000 	C:\Windows\System32\bcryptPrimitives.dll
0x00007ffc4fcb0000 - 0x00007ffc4fcbf000 	C:\Users\__tea_\.jdks\openjdk-23.0.1\bin\instrument.dll
0x00007ffc50360000 - 0x00007ffc5037e000 	C:\Users\__tea_\.jdks\openjdk-23.0.1\bin\java.dll
0x00007ffc5bf00000 - 0x00007ffc5c02b000 	C:\Windows\System32\ole32.dll
0x00007ffc5c7d0000 - 0x00007ffc5cb23000 	C:\Windows\System32\combase.dll
0x00007ffc5cb30000 - 0x00007ffc5d29e000 	C:\Windows\System32\SHELL32.dll
0x00007ffc59390000 - 0x00007ffc59b34000 	C:\Windows\SYSTEM32\windows.storage.dll
0x00007ffc5ad20000 - 0x00007ffc5ad4b000 	C:\Windows\SYSTEM32\Wldp.dll
0x00007ffc5d8f0000 - 0x00007ffc5d9bd000 	C:\Windows\System32\OLEAUT32.dll
0x00007ffc5c5c0000 - 0x00007ffc5c66d000 	C:\Windows\System32\SHCORE.dll
0x00007ffc5d9c0000 - 0x00007ffc5da1b000 	C:\Windows\System32\shlwapi.dll
0x00007ffc5b220000 - 0x00007ffc5b244000 	C:\Windows\SYSTEM32\profapi.dll
0x00007ffc182d0000 - 0x00007ffc183a7000 	C:\Users\__tea_\.jdks\openjdk-23.0.1\bin\jsvml.dll
0x00007ffc4ff30000 - 0x00007ffc4ff40000 	C:\Users\__tea_\.jdks\openjdk-23.0.1\bin\net.dll
0x00007ffc5aa80000 - 0x00007ffc5aaea000 	C:\Windows\system32\mswsock.dll
0x00007ffc4f340000 - 0x00007ffc4f356000 	C:\Users\__tea_\.jdks\openjdk-23.0.1\bin\nio.dll
0x00007ffc4f320000 - 0x00007ffc4f337000 	C:\Users\__tea_\.jdks\openjdk-23.0.1\bin\zip.dll
0x00007ffc4e9c0000 - 0x00007ffc4e9da000 	C:\Program Files\JetBrains\IntelliJ IDEA Community Edition 2024.3.2\bin\breakgen64.dll
0x0000020717490000 - 0x0000020717493000 	C:\Users\__tea_\.openjfx\cache\21+31\amd64\api-ms-win-core-console-l1-1-0.dll
0x00000207174a0000 - 0x00000207174a3000 	C:\Users\__tea_\.openjfx\cache\21+31\amd64\api-ms-win-core-console-l1-2-0.dll
0x000002073cd20000 - 0x000002073cd23000 	C:\Users\__tea_\.openjfx\cache\21+31\amd64\api-ms-win-core-datetime-l1-1-0.dll
0x000002073cd30000 - 0x000002073cd33000 	C:\Users\__tea_\.openjfx\cache\21+31\amd64\api-ms-win-core-debug-l1-1-0.dll
0x000002073cd40000 - 0x000002073cd43000 	C:\Users\__tea_\.openjfx\cache\21+31\amd64\api-ms-win-core-errorhandling-l1-1-0.dll
0x000002073cd50000 - 0x000002073cd54000 	C:\Users\__tea_\.openjfx\cache\21+31\amd64\api-ms-win-core-file-l1-1-0.dll
0x000002073cd60000 - 0x000002073cd63000 	C:\Users\__tea_\.openjfx\cache\21+31\amd64\api-ms-win-core-file-l1-2-0.dll
0x000002073cd70000 - 0x000002073cd73000 	C:\Users\__tea_\.openjfx\cache\21+31\amd64\api-ms-win-core-file-l2-1-0.dll
0x000002073cd80000 - 0x000002073cd83000 	C:\Users\__tea_\.openjfx\cache\21+31\amd64\api-ms-win-core-handle-l1-1-0.dll
0x000002073cd90000 - 0x000002073cd93000 	C:\Users\__tea_\.openjfx\cache\21+31\amd64\api-ms-win-core-heap-l1-1-0.dll
0x000002073cda0000 - 0x000002073cda3000 	C:\Users\__tea_\.openjfx\cache\21+31\amd64\api-ms-win-core-interlocked-l1-1-0.dll
0x000002073cdb0000 - 0x000002073cdb3000 	C:\Users\__tea_\.openjfx\cache\21+31\amd64\api-ms-win-core-libraryloader-l1-1-0.dll
0x000002073cdc0000 - 0x000002073cdc3000 	C:\Users\__tea_\.openjfx\cache\21+31\amd64\api-ms-win-core-localization-l1-2-0.dll
0x000002073cdd0000 - 0x000002073cdd3000 	C:\Users\__tea_\.openjfx\cache\21+31\amd64\api-ms-win-core-memory-l1-1-0.dll
0x000002073cde0000 - 0x000002073cde3000 	C:\Users\__tea_\.openjfx\cache\21+31\amd64\api-ms-win-core-namedpipe-l1-1-0.dll
0x000002073cdf0000 - 0x000002073cdf3000 	C:\Users\__tea_\.openjfx\cache\21+31\amd64\api-ms-win-core-processenvironment-l1-1-0.dll
0x000002073ce00000 - 0x000002073ce03000 	C:\Users\__tea_\.openjfx\cache\21+31\amd64\api-ms-win-core-processthreads-l1-1-0.dll
0x000002073ce10000 - 0x000002073ce13000 	C:\Users\__tea_\.openjfx\cache\21+31\amd64\api-ms-win-core-processthreads-l1-1-1.dll
0x000002073ce20000 - 0x000002073ce23000 	C:\Users\__tea_\.openjfx\cache\21+31\amd64\api-ms-win-core-profile-l1-1-0.dll
0x000002073ce30000 - 0x000002073ce33000 	C:\Users\__tea_\.openjfx\cache\21+31\amd64\api-ms-win-core-rtlsupport-l1-1-0.dll
0x000002073ce40000 - 0x000002073ce43000 	C:\Users\__tea_\.openjfx\cache\21+31\amd64\api-ms-win-core-string-l1-1-0.dll
0x000002073ce50000 - 0x000002073ce53000 	C:\Users\__tea_\.openjfx\cache\21+31\amd64\api-ms-win-core-synch-l1-1-0.dll
0x000002073ce60000 - 0x000002073ce63000 	C:\Users\__tea_\.openjfx\cache\21+31\amd64\api-ms-win-core-synch-l1-2-0.dll
0x000002073ce70000 - 0x000002073ce73000 	C:\Users\__tea_\.openjfx\cache\21+31\amd64\api-ms-win-core-sysinfo-l1-1-0.dll
0x000002073ce80000 - 0x000002073ce83000 	C:\Users\__tea_\.openjfx\cache\21+31\amd64\api-ms-win-core-timezone-l1-1-0.dll
0x000002073ce90000 - 0x000002073ce93000 	C:\Users\__tea_\.openjfx\cache\21+31\amd64\api-ms-win-core-util-l1-1-0.dll
0x000002073cea0000 - 0x000002073cea3000 	C:\Users\__tea_\.openjfx\cache\21+31\amd64\api-ms-win-crt-conio-l1-1-0.dll
0x000002073ceb0000 - 0x000002073ceb4000 	C:\Users\__tea_\.openjfx\cache\21+31\amd64\api-ms-win-crt-convert-l1-1-0.dll
0x000002073cec0000 - 0x000002073cec3000 	C:\Users\__tea_\.openjfx\cache\21+31\amd64\api-ms-win-crt-environment-l1-1-0.dll
0x000002073ced0000 - 0x000002073ced3000 	C:\Users\__tea_\.openjfx\cache\21+31\amd64\api-ms-win-crt-filesystem-l1-1-0.dll
0x000002073cee0000 - 0x000002073cee3000 	C:\Users\__tea_\.openjfx\cache\21+31\amd64\api-ms-win-crt-heap-l1-1-0.dll
0x000002073cef0000 - 0x000002073cef3000 	C:\Users\__tea_\.openjfx\cache\21+31\amd64\api-ms-win-crt-locale-l1-1-0.dll
0x000002073cf00000 - 0x000002073cf05000 	C:\Users\__tea_\.openjfx\cache\21+31\amd64\api-ms-win-crt-math-l1-1-0.dll
0x000002073cf10000 - 0x000002073cf15000 	C:\Users\__tea_\.openjfx\cache\21+31\amd64\api-ms-win-crt-multibyte-l1-1-0.dll
0x000002073cf20000 - 0x000002073cf30000 	C:\Users\__tea_\.openjfx\cache\21+31\amd64\api-ms-win-crt-private-l1-1-0.dll
0x000002073cf30000 - 0x000002073cf33000 	C:\Users\__tea_\.openjfx\cache\21+31\amd64\api-ms-win-crt-process-l1-1-0.dll
0x000002073cf40000 - 0x000002073cf44000 	C:\Users\__tea_\.openjfx\cache\21+31\amd64\api-ms-win-crt-runtime-l1-1-0.dll
0x000002073cf50000 - 0x000002073cf54000 	C:\Users\__tea_\.openjfx\cache\21+31\amd64\api-ms-win-crt-stdio-l1-1-0.dll
0x000002073cf60000 - 0x000002073cf64000 	C:\Users\__tea_\.openjfx\cache\21+31\amd64\api-ms-win-crt-string-l1-1-0.dll
0x000002073cf70000 - 0x000002073cf73000 	C:\Users\__tea_\.openjfx\cache\21+31\amd64\api-ms-win-crt-time-l1-1-0.dll
0x000002073cf80000 - 0x000002073cf83000 	C:\Users\__tea_\.openjfx\cache\21+31\amd64\api-ms-win-crt-utility-l1-1-0.dll
0x00007ffc09330000 - 0x00007ffc0942c000 	C:\Users\__tea_\.openjfx\cache\21+31\amd64\ucrtbase.dll
0x00007ffc3e950000 - 0x00007ffc3e96b000 	C:\Users\__tea_\.openjfx\cache\21+31\amd64\vcruntime140.dll
0x00007ffc44180000 - 0x00007ffc4418c000 	C:\Users\__tea_\.openjfx\cache\21+31\amd64\vcruntime140_1.dll
0x00007ffc0eb80000 - 0x00007ffc0ec0e000 	C:\Users\__tea_\.openjfx\cache\21+31\amd64\msvcp140.dll
0x00007ffc40d60000 - 0x00007ffc40d69000 	C:\Users\__tea_\.openjfx\cache\21+31\amd64\msvcp140_1.dll
0x00007ffc3bbf0000 - 0x00007ffc3bc1f000 	C:\Users\__tea_\.openjfx\cache\21+31\amd64\msvcp140_2.dll
0x00007ffc340c0000 - 0x00007ffc340ef000 	C:\Users\__tea_\.openjfx\cache\21+31\amd64\prism_d3d.dll
0x00007ffc41f30000 - 0x00007ffc42101000 	C:\Windows\system32\d3d9.dll
0x00007ffc58e90000 - 0x00007ffc58ebe000 	C:\Windows\SYSTEM32\dwmapi.dll
0x00007ffc58c00000 - 0x00007ffc58c9e000 	C:\Windows\system32\uxtheme.dll
0x00007ffc500a0000 - 0x00007ffc50164000 	C:\Windows\System32\DriverStore\FileRepository\nv_dispi.inf_amd64_9425e4c3b1ac1c47\nvldumdx.dll
0x00007ffc5aeb0000 - 0x00007ffc5aec2000 	C:\Windows\SYSTEM32\msasn1.dll
0x00007ffc551b0000 - 0x00007ffc551e1000 	C:\Windows\SYSTEM32\cryptnet.dll
0x00007ffc5b600000 - 0x00007ffc5b75d000 	C:\Windows\System32\CRYPT32.dll
0x00007ffc5ac70000 - 0x00007ffc5ac7c000 	C:\Windows\SYSTEM32\cryptbase.dll
0x00007ffc55060000 - 0x00007ffc551a7000 	C:\Windows\SYSTEM32\drvstore.dll
0x00007ffc5b080000 - 0x00007ffc5b0b3000 	C:\Windows\SYSTEM32\devobj.dll
0x00007ffc5b370000 - 0x00007ffc5b3be000 	C:\Windows\System32\cfgmgr32.dll
0x00007ffc5b2f0000 - 0x00007ffc5b363000 	C:\Windows\System32\wintrust.dll
0x00007ffc5daf0000 - 0x00007ffc5db0d000 	C:\Windows\System32\imagehlp.dll
0x00007ffc5ac80000 - 0x00007ffc5ac98000 	C:\Windows\SYSTEM32\CRYPTSP.dll
0x00007ffc5a330000 - 0x00007ffc5a368000 	C:\Windows\system32\rsaenh.dll
0x00007ffc4a360000 - 0x00007ffc4d070000 	C:\Windows\System32\DriverStore\FileRepository\nv_dispi.inf_amd64_9425e4c3b1ac1c47\nvgpucomp64.dll
0x00007ffc05430000 - 0x00007ffc071bc000 	C:\Windows\System32\DriverStore\FileRepository\nv_dispi.inf_amd64_9425e4c3b1ac1c47\nvd3dumx.dll
0x00007ffc18280000 - 0x00007ffc182c2000 	C:\Users\__tea_\.openjfx\cache\21+31\amd64\glass.dll
0x00007ffc5be20000 - 0x00007ffc5befa000 	C:\Windows\System32\COMDLG32.dll
0x00007ffba8f60000 - 0x00007ffba8f83000 	C:\Program Files (x86)\Yandex\Punto Switcher\PSHook64.dll
0x00007ffc5c030000 - 0x00007ffc5c145000 	C:\Windows\System32\MSCTF.dll
0x00007ffc0fa80000 - 0x00007ffc0fd7b000 	C:\Windows\system32\nvspcap64.dll
0x00007ffc5a580000 - 0x00007ffc5a5b3000 	C:\Windows\SYSTEM32\ntmarta.dll
0x00007ffc59b50000 - 0x00007ffc59b73000 	C:\Windows\SYSTEM32\gpapi.dll
0x00007ffc26740000 - 0x00007ffc26895000 	C:\Windows\System32\DriverStore\FileRepository\nv_dispi.inf_amd64_9425e4c3b1ac1c47\nvppex.dll
0x00007ffc51ef0000 - 0x00007ffc51f2b000 	C:\Windows\SYSTEM32\dxcore.dll
0x00007ffc3e8d0000 - 0x00007ffc3e8e4000 	C:\Users\__tea_\.openjfx\cache\21+31\amd64\javafx_font.dll
0x00007ffc49c90000 - 0x00007ffc49f0f000 	C:\Windows\SYSTEM32\dwrite.dll
0x00007ffc5d480000 - 0x00007ffc5d529000 	C:\Windows\System32\clbcatq.dll
0x00007ffc589b0000 - 0x00007ffc58b66000 	C:\Windows\SYSTEM32\WindowsCodecs.dll
0x00007ffc35060000 - 0x00007ffc3509e000 	C:\Windows\system32\dataexchange.dll

dbghelp: loaded successfully - version: 4.0.5 - missing functions: none
symbol engine: initialized successfully - sym options: 0x614 - pdb path: .;C:\Users\__tea_\.jdks\openjdk-23.0.1\bin;C:\Windows\SYSTEM32;C:\Windows\WinSxS\amd64_microsoft.windows.common-controls_6595b64144ccf1df_6.0.19041.5915_none_60b4b9d171f9c7c7;C:\Users\__tea_\.jdks\openjdk-23.0.1\bin\server;C:\Program Files\JetBrains\IntelliJ IDEA Community Edition 2024.3.2\bin;C:\Users\__tea_\.openjfx\cache\21+31\amd64;C:\Windows\System32\DriverStore\FileRepository\nv_dispi.inf_amd64_9425e4c3b1ac1c47;C:\Program Files (x86)\Yandex\Punto Switcher;C:\Program Files\Common Files\Microsoft Shared\Ink

VM Arguments:
jvm_args: -javaagent:C:\Program Files\JetBrains\IntelliJ IDEA Community Edition 2024.3.2\lib\idea_rt.jar=51969:C:\Program Files\JetBrains\IntelliJ IDEA Community Edition 2024.3.2\bin -Dfile.encoding=UTF-8 -Dsun.stdout.encoding=UTF-8 -Dsun.stderr.encoding=UTF-8 --module-path=C:\Users\__tea_\.m2\repository\org\openjfx\javafx-controls\21\javafx-controls-21-win.jar;C:\Users\__tea_\.m2\repository\org\openjfx\javafx-base\21\javafx-base-21-win.jar;C:\Users\__tea_\IdeaProjects\lesson28-lesson29\target\classes;C:\Users\__tea_\.m2\repository\org\openjfx\javafx-fxml\21\javafx-fxml-21-win.jar;C:\Users\__tea_\.m2\repository\org\openjfx\javafx-graphics\21\javafx-graphics-21-win.jar -Djdk.module.main=org.example.lesson28 
java_command: org.example.lesson28/org.example.lesson28.HelloApplication
java_class_path (initial): C:\Users\__tea_\.m2\repository\org\openjfx\javafx-controls\21\javafx-controls-21.jar;C:\Users\__tea_\.m2\repository\org\openjfx\javafx-graphics\21\javafx-graphics-21.jar;C:\Users\__tea_\.m2\repository\org\openjfx\javafx-base\21\javafx-base-21.jar;C:\Users\__tea_\.m2\repository\org\openjfx\javafx-fxml\21\javafx-fxml-21.jar
Launcher Type: SUN_STANDARD

[Global flags]
     intx CICompilerCount                          = 12                                        {product} {ergonomic}
     uint ConcGCThreads                            = 5                                         {product} {ergonomic}
     uint G1ConcRefinementThreads                  = 18                                        {product} {ergonomic}
   size_t G1HeapRegionSize                         = 4194304                                   {product} {ergonomic}
   size_t InitialHeapSize                          = 524288000                                 {product} {ergonomic}
   size_t MarkStackSize                            = 4194304                                   {product} {ergonomic}
   size_t MarkStackSizeMax                         = 536870912                                 {product} {ergonomic}
   size_t MaxHeapSize                              = 8363442176                                {product} {ergonomic}
   size_t MaxNewSize                               = 5016387584                                {product} {ergonomic}
   size_t MinHeapDeltaBytes                        = 4194304                                   {product} {ergonomic}
   size_t MinHeapSize                              = 8388608                                   {product} {ergonomic}
    uintx NonNMethodCodeHeapSize                   = 7602176                                {pd product} {ergonomic}
    uintx NonProfiledCodeHeapSize                  = 122093568                              {pd product} {ergonomic}
    uintx ProfiledCodeHeapSize                     = 121962496                              {pd product} {ergonomic}
    uintx ReservedCodeCacheSize                    = 251658240                              {pd product} {ergonomic}
     bool SegmentedCodeCache                       = true                                      {product} {ergonomic}
   size_t SoftMaxHeapSize                          = 8363442176                             {manageable} {ergonomic}
     bool UseCompressedOops                        = true                           {product lp64_product} {ergonomic}
     bool UseG1GC                                  = true                                      {product} {ergonomic}
     bool UseLargePagesIndividualAllocation        = false                                  {pd product} {ergonomic}

Logging:
Log output configuration:
 #0: stdout all=off uptime,level,tags foldmultilines=false
 #1: stderr all=off uptime,level,tags foldmultilines=false

Environment Variables:
PATH=C:\Program Files (x86)\Common Files\Intel\Shared Libraries\redist\intel64\compiler;C:\Windows\system32;C:\Windows;C:\Windows\System32\Wbem;C:\Windows\System32\WindowsPowerShell\v1.0\;C:\Windows\System32\OpenSSH\;C:\Program Files (x86)\NVIDIA Corporation\PhysX\Common;C:\Program Files (x86)\IVI Foundation\VISA\WinNT\Bin;C:\Program Files\WireGuard\;C:\Program Files\NVIDIA Corporation\NVIDIA app\NvDLISR;C:\Users\__tea_\AppData\Local\Microsoft\WindowsApps;;C:\PyCharm Community Edition 2023.2\bin;;C:\Users\__tea_\AppData\Local\Programs\Microsoft VS Code\bin
USERNAME=__tea_
OS=Windows_NT
PROCESSOR_IDENTIFIER=AMD64 Family 25 Model 97 Stepping 2, AuthenticAMD
TMP=C:\Users\__tea_\AppData\Local\Temp
TEMP=C:\Users\__tea_\AppData\Local\Temp




Periodic native trim disabled

---------------  S Y S T E M  ---------------

OS:
 Windows 10 , 64 bit Build 19041 (10.0.19041.5915)
OS uptime: 1 days 5:05 hours

CPU: total 24 (initial active 24) (24 cores per cpu, 2 threads per core) family 25 model 97 stepping 2 microcode 0x0, cx8, cmov, fxsr, ht, mmx, 3dnowpref, sse, sse2, sse3, ssse3, sse4a, sse4.1, sse4.2, popcnt, lzcnt, tsc, tscinvbit, avx, avx2, aes, erms, clmul, bmi1, bmi2, adx, avx512f, avx512dq, avx512cd, avx512bw, avx512vl, sha, fma, vzeroupper, avx512_vpopcntdq, avx512_vpclmulqdq, avx512_vaes, avx512_vnni, clflush, clflushopt, avx512_vbmi2, avx512_vbmi, rdtscp, rdpid, fsrm, gfni, avx512_bitalg, f16c, pku, cet_ss, avx512_ifma
Processor Information for the first 24 processors :
  Max Mhz: 4701, Current Mhz: 4701, Mhz Limit: 4701

Memory: 4k page, system-wide physical 31895M (19029M free)
TotalPageFile size 39063M (AvailPageFile size 18801M)
current process WorkingSet (physical memory assigned to process): 152M, peak: 152M
current process commit charge ("private bytes"): 713M, peak: 713M

vm_info: OpenJDK 64-Bit Server VM (23.0.1+11-39) for windows-amd64 JRE (23.0.1+11-39), built on 2024-09-30T07:20:43Z with MS VC++ 17.6 (VS2022)

END.
